#-----------------------------------------------------------
# Webtalk v2021.1 (64-bit)
# SW Build 3247384 on Thu Jun 10 19:36:33 MDT 2021
# IP Build 3246043 on Fri Jun 11 00:30:35 MDT 2021
# Start of session at: Mon May  2 23:19:01 2022
# Process ID: 9832
# Current directory: C:/Users/User/Documents/GitHub/Processador_6_instrucoes/Processador_6_instrucoes_V2/Processador_6_instrucoes/Processador_6_instrucoes.sim/sim_1/behav/xsim
# Command line: wbtcv.exe -mode batch -source C:/Users/User/Documents/GitHub/Processador_6_instrucoes/Processador_6_instrucoes_V2/Processador_6_instrucoes/Processador_6_instrucoes.sim/sim_1/behav/xsim/xsim.dir/tb_processador_6_instrucoes_behav/webtalk/xsim_webtalk.tcl -notrace
# Log file: C:/Users/User/Documents/GitHub/Processador_6_instrucoes/Processador_6_instrucoes_V2/Processador_6_instrucoes/Processador_6_instrucoes.sim/sim_1/behav/xsim/webtalk.log
# Journal file: C:/Users/User/Documents/GitHub/Processador_6_instrucoes/Processador_6_instrucoes_V2/Processador_6_instrucoes/Processador_6_instrucoes.sim/sim_1/behav/xsim\webtalk.jou
#-----------------------------------------------------------
source C:/Users/User/Documents/GitHub/Processador_6_instrucoes/Processador_6_instrucoes_V2/Processador_6_instrucoes/Processador_6_instrucoes.sim/sim_1/behav/xsim/xsim.dir/tb_processador_6_instrucoes_behav/webtalk/xsim_webtalk.tcl -notrace
